// Jest Snapshot v1, https://goo.gl/fbAQLP

exports[`Pruebas en <NameApp /> Debe hacer match con el snapshot 1`] = `
<div>
  <h1
    data-testid="h1test"
  >
    Sí, sóc en Dani Morales
  </h1>
  <p>
    Guapíssim
  </p>
</div>
`;
